main.c:148:6:setSpeed	16	static
main.c:168:8:convert2mps	32	static
main.c:180:5:main	8	static
main.c:247:6:SystemClock_Config	88	static
main.c:292:13:MX_TIM1_Init	32	static
main.c:338:13:MX_TIM2_Init	32	static
main.c:383:13:MX_TIM3_Init	56	static
main.c:432:13:MX_TIM4_Init	48	static
main.c:485:13:MX_TIM5_Init	56	static
main.c:534:13:MX_USART2_UART_Init	8	static
main.c:565:13:MX_DMA_Init	16	static
main.c:583:13:MX_GPIO_Init	48	static
main.c:627:6:HAL_UART_TxCpltCallback	16	static
main.c:631:6:HAL_UART_RxCpltCallback	64	static
main.c:662:6:HAL_TIM_PeriodElapsedCallback	48	static
main.c:780:6:Error_Handler	4	static
